# Stack Code (SC0)

0. CONST 0
1. STORE 0
2. LOAD 0
3. IFZ +3
4. CONST 1
5. STORE 1
6. LOAD 0
7. IFZ +4
8. CONST 1
9. STORE 2
10. GOTO +3
11. CONST 2
12. STORE 2
13. LOAD 0
14. IFZ +4
15. CONST 1
16. STORE 3
17. GOTO -4
18. LOAD 0
19. IFZ +3
20. CONST 0
21. GOTO +2
22. CONST 1
23. IFZ +3
24. CONST 0
25. GOTO +2
26. CONST 1
27. IFZ +4
28. CONST 1
29. STORE 3
30. GOTO -12
31. LOAD 2
32. PRINT
