# Stack Code (SC0)

0. CONST 2
1. NEWARRAY
2. STORE 0
3. LOAD 0
4. CONST 0
5. CONST 1
6. CONST 2
7. NEG
8. CONST 3
9. MUL
10. ADD
11. ASTORE
12. CONST 1
13. LOAD 0
14. CONST 0
15. ALOAD 
16. CONST 0
17. IFLT +3
18. CONST 0
19. GOTO +2
20. CONST 1
21. AND
22. STORE 1
23. LOAD 1
24. IFZ +8
25. LOAD 0
26. CONST 1
27. LOAD 0
28. CONST 0
29. ALOAD 
30. ASTORE
31. GOTO +5
32. LOAD 0
33. CONST 1
34. CONST 0
35. ASTORE
36. LOAD 0
37. CONST 1
38. ALOAD 
39. PRINT
