# Stack Code (SC0)

0. CONST 2
1. NEWARRAY
2. STORE 0
3. CONST 1
4. STORE 1
5. LOAD 0
6. CONST 0
7. CONST 1
8. CONST 2
9. NEG
10. CONST 3
11. MUL
12. ADD
13. ASTORE
14. LOAD 1
15. LOAD 0
16. CONST 0
17. ALOAD 
18. CONST 0
19. IFLT +3
20. CONST 0
21. GOTO +2
22. CONST 1
23. AND
24. IFZ +5
25. LOAD 0
26. CONST 1
27. CONST 4
28. ASTORE
29. LOAD 0
30. CONST 1
31. ALOAD 
32. PRINT
